Zilog eZ80 Macro Assembler Version 4.3 (19073001)06-Aug-22     11:47:42     page:   1


PC     Object              I  Line    Source 
                           A     1    ; Zilog eZ80 ANSI C Compiler Release 3.4
                           A     2    ; -nomodsect -optspeed -noreduceopt -nopadbranc
                           A     3    ; -peephole -globalopt -localcse -const=ROM 
                           A     4    	FILE	"..\src_fatfs\ffsystem.c"
                           A     5    	.assume ADL=1
                           A     6    .DEBUG "C"
                           A     7    	SEGMENT CODE
                           A     8    .BEGREC "NONAME0",562
                           A     9    .DEFINE "fs_type"
                           A    10    .VALUE 0
                           A    11    .CLASS 8
                           A    12    .TYPE 12
                           A    13    .ENDEF
                           A    14    .DEFINE "pdrv"
                           A    15    .VALUE 1
                           A    16    .CLASS 8
                           A    17    .TYPE 12
                           A    18    .ENDEF
                           A    19    .DEFINE "n_fats"
                           A    20    .VALUE 2
                           A    21    .CLASS 8
                           A    22    .TYPE 12
                           A    23    .ENDEF
                           A    24    .DEFINE "wflag"
                           A    25    .VALUE 3
                           A    26    .CLASS 8
                           A    27    .TYPE 12
                           A    28    .ENDEF
                           A    29    .DEFINE "fsi_flag"
                           A    30    .VALUE 4
                           A    31    .CLASS 8
                           A    32    .TYPE 12
                           A    33    .ENDEF
                           A    34    .DEFINE "id"
                           A    35    .VALUE 5
                           A    36    .CLASS 8
                           A    37    .TYPE 13
                           A    38    .ENDEF
                           A    39    .DEFINE "n_rootdir"
                           A    40    .VALUE 7
                           A    41    .CLASS 8
                           A    42    .TYPE 13
                           A    43    .ENDEF
                           A    44    .DEFINE "csize"
                           A    45    .VALUE 9
                           A    46    .CLASS 8
                           A    47    .TYPE 13
                           A    48    .ENDEF
                           A    49    .DEFINE "lfnbuf"
                           A    50    .VALUE 11
                           A    51    .CLASS 8
                           A    52    .TYPE 45
                           A    53    .ENDEF
                           A    54    .DEFINE "last_clst"
                           A    55    .VALUE 14
                           A    56    .CLASS 8
                           A    57    .TYPE 15
                           A    58    .ENDEF
                           A    59    .DEFINE "free_clst"
                           A    60    .VALUE 18
                           A    61    .CLASS 8
                           A    62    .TYPE 15
                           A    63    .ENDEF
                           A    64    .DEFINE "n_fatent"
                           A    65    .VALUE 22
                           A    66    .CLASS 8
                           A    67    .TYPE 15
                           A    68    .ENDEF
                           A    69    .DEFINE "fsize"
                           A    70    .VALUE 26
                           A    71    .CLASS 8
                           A    72    .TYPE 15
                           A    73    .ENDEF
                           A    74    .DEFINE "volbase"
                           A    75    .VALUE 30
                           A    76    .CLASS 8
                           A    77    .TYPE 15
                           A    78    .ENDEF
                           A    79    .DEFINE "fatbase"
                           A    80    .VALUE 34
                           A    81    .CLASS 8
                           A    82    .TYPE 15
                           A    83    .ENDEF
                           A    84    .DEFINE "dirbase"
                           A    85    .VALUE 38
                           A    86    .CLASS 8
                           A    87    .TYPE 15
                           A    88    .ENDEF
                           A    89    .DEFINE "database"
                           A    90    .VALUE 42
                           A    91    .CLASS 8
                           A    92    .TYPE 15
                           A    93    .ENDEF
                           A    94    .DEFINE "winsect"
                           A    95    .VALUE 46
                           A    96    .CLASS 8
                           A    97    .TYPE 15
                           A    98    .ENDEF
                           A    99    .DEFINE "win"
                           A   100    .VALUE 50
                           A   101    .CLASS 8
                           A   102    .DIM 512
                           A   103    .TYPE 108
                           A   104    .ENDEF
                           A   105    .ENDREC "NONAME0"
                           A   106    .BEGREC "NONAME1",15
                           A   107    .DEFINE "fs"
                           A   108    .VALUE 0
                           A   109    .CLASS 8
                           A   110    .TAG "NONAME0"
                           A   111    .TYPE 40
                           A   112    .ENDEF
                           A   113    .DEFINE "id"
                           A   114    .VALUE 3
                           A   115    .CLASS 8
                           A   116    .TYPE 13
                           A   117    .ENDEF
                           A   118    .DEFINE "attr"
                           A   119    .VALUE 5
                           A   120    .CLASS 8
                           A   121    .TYPE 12
                           A   122    .ENDEF
                           A   123    .DEFINE "stat"
                           A   124    .VALUE 6
                           A   125    .CLASS 8
                           A   126    .TYPE 12
                           A   127    .ENDEF
                           A   128    .DEFINE "sclust"
                           A   129    .VALUE 7
                           A   130    .CLASS 8
                           A   131    .TYPE 15
                           A   132    .ENDEF
                           A   133    .DEFINE "objsize"
                           A   134    .VALUE 11
                           A   135    .CLASS 8
                           A   136    .TYPE 15
                           A   137    .ENDEF
                           A   138    .ENDREC "NONAME1"
                           A   139    .BEGREC "NONAME2",548
                           A   140    .DEFINE "obj"
                           A   141    .VALUE 0
                           A   142    .CLASS 8
                           A   143    .TAG "NONAME1"
                           A   144    .TYPE 8
                           A   145    .ENDEF
                           A   146    .DEFINE "flag"
                           A   147    .VALUE 15
                           A   148    .CLASS 8
                           A   149    .TYPE 12
                           A   150    .ENDEF
                           A   151    .DEFINE "err"
                           A   152    .VALUE 16
                           A   153    .CLASS 8
                           A   154    .TYPE 12
                           A   155    .ENDEF
                           A   156    .DEFINE "fptr"
                           A   157    .VALUE 17
                           A   158    .CLASS 8
                           A   159    .TYPE 15
                           A   160    .ENDEF
                           A   161    .DEFINE "clust"
                           A   162    .VALUE 21
                           A   163    .CLASS 8
                           A   164    .TYPE 15
                           A   165    .ENDEF
                           A   166    .DEFINE "sect"
                           A   167    .VALUE 25
                           A   168    .CLASS 8
                           A   169    .TYPE 15
                           A   170    .ENDEF
                           A   171    .DEFINE "dir_sect"
                           A   172    .VALUE 29
                           A   173    .CLASS 8
                           A   174    .TYPE 15
                           A   175    .ENDEF
                           A   176    .DEFINE "dir_ptr"
                           A   177    .VALUE 33
                           A   178    .CLASS 8
                           A   179    .TYPE 44
                           A   180    .ENDEF
                           A   181    .DEFINE "buf"
                           A   182    .VALUE 36
                           A   183    .CLASS 8
                           A   184    .DIM 512
                           A   185    .TYPE 108
                           A   186    .ENDEF
                           A   187    .ENDREC "NONAME2"
                           A   188    .BEGREC "NONAME3",46
                           A   189    .DEFINE "obj"
                           A   190    .VALUE 0
                           A   191    .CLASS 8
                           A   192    .TAG "NONAME1"
                           A   193    .TYPE 8
                           A   194    .ENDEF
                           A   195    .DEFINE "dptr"
                           A   196    .VALUE 15
                           A   197    .CLASS 8
                           A   198    .TYPE 15
                           A   199    .ENDEF
                           A   200    .DEFINE "clust"
                           A   201    .VALUE 19
                           A   202    .CLASS 8
                           A   203    .TYPE 15
                           A   204    .ENDEF
                           A   205    .DEFINE "sect"
                           A   206    .VALUE 23
                           A   207    .CLASS 8
                           A   208    .TYPE 15
                           A   209    .ENDEF
                           A   210    .DEFINE "dir"
                           A   211    .VALUE 27
                           A   212    .CLASS 8
                           A   213    .TYPE 44
                           A   214    .ENDEF
                           A   215    .DEFINE "fn"
                           A   216    .VALUE 30
                           A   217    .CLASS 8
                           A   218    .DIM 12
                           A   219    .TYPE 108
                           A   220    .ENDEF
                           A   221    .DEFINE "blk_ofs"
                           A   222    .VALUE 42
                           A   223    .CLASS 8
                           A   224    .TYPE 15
                           A   225    .ENDEF
                           A   226    .ENDREC "NONAME3"
                           A   227    .BEGREC "NONAME4",278
                           A   228    .DEFINE "fsize"
                           A   229    .VALUE 0
                           A   230    .CLASS 8
                           A   231    .TYPE 15
                           A   232    .ENDEF
                           A   233    .DEFINE "fdate"
                           A   234    .VALUE 4
                           A   235    .CLASS 8
                           A   236    .TYPE 13
                           A   237    .ENDEF
                           A   238    .DEFINE "ftime"
                           A   239    .VALUE 6
                           A   240    .CLASS 8
                           A   241    .TYPE 13
                           A   242    .ENDEF
                           A   243    .DEFINE "fattrib"
                           A   244    .VALUE 8
                           A   245    .CLASS 8
                           A   246    .TYPE 12
                           A   247    .ENDEF
                           A   248    .DEFINE "altname"
                           A   249    .VALUE 9
                           A   250    .CLASS 8
                           A   251    .DIM 13
                           A   252    .TYPE 98
                           A   253    .ENDEF
                           A   254    .DEFINE "fname"
                           A   255    .VALUE 22
                           A   256    .CLASS 8
                           A   257    .DIM 256
                           A   258    .TYPE 98
                           A   259    .ENDEF
                           A   260    .ENDREC "NONAME4"
                           A   261    .BEGREC "NONAME5",12
                           A   262    .DEFINE "fmt"
                           A   263    .VALUE 0
                           A   264    .CLASS 8
                           A   265    .TYPE 12
                           A   266    .ENDEF
                           A   267    .DEFINE "n_fat"
                           A   268    .VALUE 1
                           A   269    .CLASS 8
                           A   270    .TYPE 12
                           A   271    .ENDEF
                           A   272    .DEFINE "align"
                           A   273    .VALUE 2
                           A   274    .CLASS 8
                           A   275    .TYPE 14
                           A   276    .ENDEF
                           A   277    .DEFINE "n_root"
                           A   278    .VALUE 5
                           A   279    .CLASS 8
                           A   280    .TYPE 14
                           A   281    .ENDEF
                           A   282    .DEFINE "au_size"
                           A   283    .VALUE 8
                           A   284    .CLASS 8
                           A   285    .TYPE 15
                           A   286    .ENDEF
                           A   287    .ENDREC "NONAME5"
                           A   288    	END


Errors: 0
Warnings: 0
Lines Assembled: 289
